// Jest Snapshot v1, https://goo.gl/fbAQLP

exports[`matches snapshot logged in mock user 1`] = `
<DocumentFragment>
  <div>
    <nav
      class="navbar navbar-expand-md"
    >
      <div
        class="container-fluid"
      >
        <a
          aria-current="page"
          class="navbar-brand active"
          href="/"
        >
          Jobly
        </a>
        <ul
          class="ml-auto navbar-nav"
        >
          <li
            class="nav-item"
          >
            <a
              href="/companies"
            >
              Companies
            </a>
          </li>
          <li
            class="nav-item"
          >
            <a
              href="/jobs"
            >
              Jobs
            </a>
          </li>
          <li
            class="nav-item"
          >
            <a
              href="/profile"
            >
              Profile
            </a>
          </li>
          <li
            class="nav-item"
          >
            <a
              href="/login"
            >
              Log out: 
              <b
                class="username"
              >
                testuser
              </b>
            </a>
          </li>
        </ul>
      </div>
    </nav>
  </div>
</DocumentFragment>
`;

exports[`matches snapshot when logged out 1`] = `
<DocumentFragment>
  <div>
    <nav
      class="navbar navbar-expand-md"
    >
      <div
        class="container-fluid"
      >
        <a
          aria-current="page"
          class="navbar-brand active"
          href="/"
        >
          Jobly
        </a>
        <ul
          class="ml-auto navbar-nav"
        >
          <li
            class="nav-item"
          >
            <a
              href="/companies"
            >
              Companies
            </a>
          </li>
          <li
            class="nav-item"
          >
            <a
              href="/jobs"
            >
              Jobs
            </a>
          </li>
          <li
            class="nav-item"
          >
            <a
              href="/profile"
            >
              Profile
            </a>
          </li>
          <li
            class="nav-item"
          >
            <a
              href="/login"
            >
              Log out: 
              <b
                class="username"
              >
                testuser
              </b>
            </a>
          </li>
        </ul>
      </div>
    </nav>
  </div>
</DocumentFragment>
`;
